---
source: src/tests/e2e/cases.rs
expression: last_second_runner_snapshot

---
 Zellij (mirrored_sessions)  Tab #1  Tab #2                                                                         
┌ Pane #1 ─────────────────────────────────────────────────┐┌ Pane #2 ─────────────────────────────────────────────────┐
│$ █                                                       ││$                                                         │
│                                                          ││                                                          │
│                                                          ││                                                          │
│                                                          ││                                                          │
│                                                          ││                                                          │
│                                                          ││                                                          │
│                                                          ││                                                          │
│                                                          ││                                                          │
│                                                          ││                                                          │
│                                                          ││                                                          │
│                                                          ││                                                          │
│                                                          ││                                                          │
│                                                          ││                                                          │
│                                                          ││                                                          │
│                                                          ││                                                          │
│                                                          ││                                                          │
│                                                          ││                                                          │
│                                                          ││                                                          │
│                                                          ││                                                          │
└──────────────────────────────────────────────────────────┘└──────────────────────────────────────────────────────────┘
 Ctrl + <g> LOCK  <p> PANE  <t> TAB  <n> RESIZE  <s> SCROLL  <o> SESSION  <q> QUIT                       
 <←↓↑→> Move focus / <n> New / <x> Close / <r> Rename / <s> Sync / <Tab> Toggle / <ENTER> Select pane                   
